// Jest Snapshot v1, https://goo.gl/fbAQLP

exports[`KuiFlexGroup is rendered 1`] = `
<div
  aria-label="aria-label"
  class="kuiFlexGroup kuiFlexGroup--gutterLarge testClass1 testClass2"
  data-test-subj="test subject string"
/>
`;
