// Jest Snapshot v1, https://goo.gl/fbAQLP

exports[`pie vis toExpressionAst function should match basic snapshot 1`] = `undefined`;
