// Jest Snapshot v1, https://goo.gl/fbAQLP

exports[`TopNavMenu Should render emphasized item which should be clickable 1`] = `
<EuiButton
  fill={true}
  iconSide="right"
  iconType="beaker"
  isDisabled={false}
  onClick={[Function]}
  size="s"
>
  Test
</EuiButton>
`;
