// Jest Snapshot v1, https://goo.gl/fbAQLP

exports[`KuiPaginationButton is rendered 1`] = `
<button
  aria-label="aria-label"
  class="kuiButtonEmpty kuiButtonEmpty--primary kuiButtonEmpty--small kuiPaginationButton testClass1 testClass2"
  data-test-subj="test subject string"
>
  <span
    class="kuiButtonEmpty__content"
  >
    <span>
      <span>
        â€¦
      </span>
    </span>
  </span>
</button>
`;
