// Jest Snapshot v1, https://goo.gl/fbAQLP

exports[`extractFilterAggsResults extracts the bucket values of the expected filter fields 1`] = `
Object {
  "monitor.type": Array [
    "http",
    "tcp",
    "icmp",
  ],
  "observer.geo.name": Array [
    "us-east-2",
    "fairbanks",
  ],
  "tags": Array [
    "api",
    "dev",
  ],
  "url.port": Array [
    12349,
    80,
    5601,
    8200,
    9200,
    9292,
  ],
}
`;
