// Jest Snapshot v1, https://goo.gl/fbAQLP

exports[`HistogramFormatEditor should render normally 1`] = `
<Fragment>
  <EuiFormRow
    label="Aggregated number format"
  >
    <EuiSelect
      onChange={[Function]}
      options={
        Array [
          Object {
            "text": "Number",
            "value": "number",
          },
          Object {
            "text": "Bytes",
            "value": "bytes",
          },
          Object {
            "text": "Percentage",
            "value": "percent",
          },
        ]
      }
      value="number"
    />
  </EuiFormRow>
  <EuiFormRow
    helpText={
      <span>
        <EuiLink
          href="https://adamwdraper.github.io/Numeral-js/"
          target="_blank"
        >
          <Memo(MemoizedFormattedMessage)
            defaultMessage="Documentation"
            id="indexPatternFieldEditor.number.documentationLabel"
          />
          Â 
          <EuiIcon
            type="link"
          />
        </EuiLink>
      </span>
    }
    isInvalid={false}
    label="Numeral format pattern (optional)"
  >
    <EuiFieldText
      isInvalid={false}
      onChange={[Function]}
      value=""
    />
  </EuiFormRow>
  <FormatEditorSamples
    sampleType="text"
    samples={Array []}
  />
</Fragment>
`;
