// Jest Snapshot v1, https://goo.gl/fbAQLP

exports[`render 1`] = `
<EuiFlexGroup
  alignItems="center"
  justifyContent="spaceBetween"
>
  <EuiFlexItem
    grow={false}
  >
    <EuiText>
      <p>
        <FormattedMessage
          defaultMessage="When all steps are complete, you're ready to explore your data."
          id="home.exploreYourDataDescription"
          values={Object {}}
        />
      </p>
    </EuiText>
  </EuiFlexItem>
  <EuiFlexItem
    grow={false}
  >
    <EuiButton
      color="primary"
      fill={true}
      href="/app/myapp"
      size="m"
    >
      launch myapp
    </EuiButton>
  </EuiFlexItem>
</EuiFlexGroup>
`;
