// Jest Snapshot v1, https://goo.gl/fbAQLP

exports[`kbnLoadingIndicator is hidden by default 1`] = `
<EuiIcon
  aria-label="Elastic Logo"
  className="chrHeaderLogo__cluster"
  data-test-subj="globalLoadingIndicator-hidden"
  size="l"
  type="logoElastic"
/>
`;

exports[`kbnLoadingIndicator is visible when loadingCount is > 0 1`] = `
<EuiIcon
  aria-label="Elastic Logo"
  className="chrHeaderLogo__cluster"
  data-test-subj="globalLoadingIndicator-hidden"
  size="l"
  type="logoElastic"
/>
`;

exports[`kbnLoadingIndicator shows logo image when customLogo is set 1`] = `
<EuiImage
  alt="logo"
  aria-label="User logo"
  size={24}
  src="customLogo"
/>
`;
