// Jest Snapshot v1, https://goo.gl/fbAQLP

exports[`PreferenceFormattedBytes renders correctly against snapshot 1`] = `
<Fragment>
  2.7MB
</Fragment>
`;
