// Jest Snapshot v1, https://goo.gl/fbAQLP

exports[`LoadingIndices should render normally 1`] = `
<EuiFlexGroup
  alignItems="center"
  justifyContent="center"
>
  <EuiFlexItem
    grow={false}
  >
    <EuiLoadingSpinner
      size="m"
    />
  </EuiFlexItem>
  <EuiFlexItem
    grow={false}
  >
    <EuiText
      grow={true}
      size="m"
    >
      <EuiTextColor
        color="subdued"
        component="span"
      >
        <FormattedMessage
          defaultMessage="Looking for matching indices…"
          id="kbn.management.createIndexPattern.step.loadingHeader"
          values={Object {}}
        />
      </EuiTextColor>
    </EuiText>
    <EuiText
      grow={true}
      size="s"
      style={
        Object {
          "textAlign": "center",
        }
      }
    >
      <EuiTextColor
        color="subdued"
        component="span"
      >
        <FormattedMessage
          defaultMessage="Just a sec…"
          id="kbn.management.createIndexPattern.step.loadingLabel"
          values={Object {}}
        />
      </EuiTextColor>
    </EuiText>
  </EuiFlexItem>
</EuiFlexGroup>
`;
