// Jest Snapshot v1, https://goo.gl/fbAQLP

exports[`UpgradeFailureActions component renders component as expected 1`] = `
<EuiFlexGroup
  alignItems="stretch"
  component="div"
  direction="row"
  gutterSize="l"
  justifyContent="flexStart"
  responsive={true}
  wrap={false}
>
  <EuiFlexItem
    component="div"
    grow={false}
  >
    <EuiButton
      color="primary"
      fill={true}
      iconSide="left"
      onClick={[MockFunction]}
      type="button"
    >
      upgrade button text
    </EuiButton>
  </EuiFlexItem>
  <EuiFlexItem
    component="div"
    grow={false}
  >
    <EuiButtonEmpty
      color="primary"
      iconSide="left"
      onClick={[MockFunction]}
      type="button"
    >
      <FormattedMessage
        defaultMessage="Go back"
        id="xpack.logstash.upgradeFailureActions.goBackButtonLabel"
        values={Object {}}
      />
    </EuiButtonEmpty>
  </EuiFlexItem>
</EuiFlexGroup>
`;
