// Jest Snapshot v1, https://goo.gl/fbAQLP

exports[`should not create multiple clients while service is running 1`] = `
Array [
  Array [
    Object {
      "options": undefined,
      "type": "data",
    },
  ],
  Array [
    Object {
      "options": Object {
        "shouldAuth": false,
      },
      "type": "admin",
    },
  ],
]
`;
