// Jest Snapshot v1, https://goo.gl/fbAQLP

exports[`ML Integrations renders without errors 1`] = `
<div
  class="euiPopover euiPopover--anchorDownCenter"
>
  <div
    class="euiPopover__anchor"
  >
    <button
      class="euiButtonEmpty euiButtonEmpty--primary"
      data-test-subj="uptimeEnableAnomalyBtn"
      type="button"
    >
      <span
        class="euiButtonEmpty__content"
      >
        <div
          aria-hidden="true"
          class="euiButtonEmpty__icon"
          data-euiicon-type="machineLearningApp"
        />
        <span
          class="euiButtonEmpty__text"
        >
          Enable anomaly detection
        </span>
      </span>
    </button>
  </div>
</div>
`;

exports[`ML Integrations shallow renders without errors 1`] = `
<ContextProvider
  value={
    Object {
      "history": Object {
        "action": "POP",
        "block": [Function],
        "canGo": [Function],
        "createHref": [Function],
        "entries": Array [
          Object {
            "hash": "",
            "key": "TestKeyForTesting",
            "pathname": "/",
            "search": "",
            "state": undefined,
          },
        ],
        "go": [Function],
        "goBack": [Function],
        "goForward": [Function],
        "index": 0,
        "length": 1,
        "listen": [Function],
        "location": Object {
          "hash": "",
          "key": "TestKeyForTesting",
          "pathname": "/",
          "search": "",
          "state": undefined,
        },
        "push": [Function],
        "replace": [Function],
      },
      "location": Object {
        "hash": "",
        "key": "TestKeyForTesting",
        "pathname": "/",
        "search": "",
        "state": undefined,
      },
      "match": Object {
        "isExact": true,
        "params": Object {},
        "path": "/",
        "url": "/",
      },
      "staticContext": undefined,
    }
  }
>
  <MLIntegrationComponent />
</ContextProvider>
`;
