// Jest Snapshot v1, https://goo.gl/fbAQLP

exports[`share url panel content render 1`] = `
<I18nProvider>
  <EuiForm
    className="kbnShareContextMenu__finalPanel"
    data-test-subj="shareUrlForm"
  >
    <EuiFormRow
      describedByIds={Array []}
      display="row"
      fullWidth={false}
      hasChildLabel={true}
      hasEmptyLabelSpace={false}
      helpText={
        <FormattedMessage
          defaultMessage="Can't share as saved object until the {objectType} has been saved."
          id="share.urlPanel.canNotShareAsSavedObjectHelpText"
          values={
            Object {
              "objectType": "dashboard",
            }
          }
        />
      }
      label={
        <FormattedMessage
          defaultMessage="Generate the link as"
          id="share.urlPanel.generateLinkAsLabel"
          values={Object {}}
        />
      }
      labelType="label"
    >
      <EuiRadioGroup
        idSelected="snapshot"
        onChange={[Function]}
        options={
          Array [
            Object {
              "data-test-subj": "exportAsSnapshot",
              "id": "snapshot",
              "label": <EuiFlexGroup
                gutterSize="none"
                responsive={false}
              >
                <EuiFlexItem
                  grow={false}
                >
                  <FormattedMessage
                    defaultMessage="Snapshot"
                    id="share.urlPanel.snapshotLabel"
                    values={Object {}}
                  />
                </EuiFlexItem>
                <EuiFlexItem
                  grow={false}
                >
                  <EuiIconTip
                    content={
                      <FormattedMessage
                        defaultMessage="Snapshot URLs encode the current state of the {objectType} in the URL itself. Edits to the saved {objectType} won't be visible via this URL."
                        id="share.urlPanel.snapshotDescription"
                        values={
                          Object {
                            "objectType": "dashboard",
                          }
                        }
                      />
                    }
                    position="bottom"
                  />
                </EuiFlexItem>
              </EuiFlexGroup>,
            },
            Object {
              "data-test-subj": "exportAsSavedObject",
              "disabled": true,
              "id": "savedObject",
              "label": <EuiFlexGroup
                gutterSize="none"
                responsive={false}
              >
                <EuiFlexItem
                  grow={false}
                >
                  <FormattedMessage
                    defaultMessage="Saved object"
                    id="share.urlPanel.savedObjectLabel"
                    values={Object {}}
                  />
                </EuiFlexItem>
                <EuiFlexItem
                  grow={false}
                >
                  <EuiIconTip
                    content={
                      <FormattedMessage
                        defaultMessage="You can share this URL with people to let them load the most recent saved version of this {objectType}."
                        id="share.urlPanel.savedObjectDescription"
                        values={
                          Object {
                            "objectType": "dashboard",
                          }
                        }
                      />
                    }
                    position="bottom"
                  />
                </EuiFlexItem>
              </EuiFlexGroup>,
            },
          ]
        }
      />
    </EuiFormRow>
    <EuiFormRow
      describedByIds={Array []}
      display="row"
      fullWidth={false}
      hasChildLabel={true}
      hasEmptyLabelSpace={false}
      label={
        <FormattedMessage
          defaultMessage="URL"
          id="share.urlPanel.urlGroupTitle"
          values={Object {}}
        />
      }
      labelType="label"
    >
      <EuiSpacer
        size="s"
      />
      <EuiFormRow
        data-test-subj="createShortUrl"
        describedByIds={Array []}
        display="row"
        fullWidth={false}
        hasChildLabel={true}
        hasEmptyLabelSpace={false}
        labelType="label"
      >
        <EuiFlexGroup
          gutterSize="none"
          responsive={false}
        >
          <EuiFlexItem
            grow={false}
          >
            <EuiSwitch
              checked={false}
              data-test-subj="useShortUrl"
              label={
                <FormattedMessage
                  defaultMessage="Short URL"
                  id="share.urlPanel.shortUrlLabel"
                  values={Object {}}
                />
              }
              onChange={[Function]}
            />
          </EuiFlexItem>
          <EuiFlexItem
            grow={false}
          >
            <EuiIconTip
              content={
                <FormattedMessage
                  defaultMessage="We recommend sharing shortened snapshot URLs for maximum compatibility. Internet Explorer has URL length restrictions, and some wiki and markup parsers don't do well with the full-length version of the snapshot URL, but the short URL should work great."
                  id="share.urlPanel.shortUrlHelpText"
                  values={Object {}}
                />
              }
              position="bottom"
            />
          </EuiFlexItem>
        </EuiFlexGroup>
      </EuiFormRow>
    </EuiFormRow>
    <EuiSpacer
      size="m"
    />
    <EuiCopy
      afterMessage="Copied"
      anchorClassName="eui-displayBlock"
      textToCopy="http://localhost/"
    >
      <Component />
    </EuiCopy>
  </EuiForm>
</I18nProvider>
`;

exports[`share url panel content should enable saved object export option when objectId is provided 1`] = `
<I18nProvider>
  <EuiForm
    className="kbnShareContextMenu__finalPanel"
    data-test-subj="shareUrlForm"
  >
    <EuiFormRow
      describedByIds={Array []}
      display="row"
      fullWidth={false}
      hasChildLabel={true}
      hasEmptyLabelSpace={false}
      label={
        <FormattedMessage
          defaultMessage="Generate the link as"
          id="share.urlPanel.generateLinkAsLabel"
          values={Object {}}
        />
      }
      labelType="label"
    >
      <EuiRadioGroup
        idSelected="snapshot"
        onChange={[Function]}
        options={
          Array [
            Object {
              "data-test-subj": "exportAsSnapshot",
              "id": "snapshot",
              "label": <EuiFlexGroup
                gutterSize="none"
                responsive={false}
              >
                <EuiFlexItem
                  grow={false}
                >
                  <FormattedMessage
                    defaultMessage="Snapshot"
                    id="share.urlPanel.snapshotLabel"
                    values={Object {}}
                  />
                </EuiFlexItem>
                <EuiFlexItem
                  grow={false}
                >
                  <EuiIconTip
                    content={
                      <FormattedMessage
                        defaultMessage="Snapshot URLs encode the current state of the {objectType} in the URL itself. Edits to the saved {objectType} won't be visible via this URL."
                        id="share.urlPanel.snapshotDescription"
                        values={
                          Object {
                            "objectType": "dashboard",
                          }
                        }
                      />
                    }
                    position="bottom"
                  />
                </EuiFlexItem>
              </EuiFlexGroup>,
            },
            Object {
              "data-test-subj": "exportAsSavedObject",
              "disabled": false,
              "id": "savedObject",
              "label": <EuiFlexGroup
                gutterSize="none"
                responsive={false}
              >
                <EuiFlexItem
                  grow={false}
                >
                  <FormattedMessage
                    defaultMessage="Saved object"
                    id="share.urlPanel.savedObjectLabel"
                    values={Object {}}
                  />
                </EuiFlexItem>
                <EuiFlexItem
                  grow={false}
                >
                  <EuiIconTip
                    content={
                      <FormattedMessage
                        defaultMessage="You can share this URL with people to let them load the most recent saved version of this {objectType}."
                        id="share.urlPanel.savedObjectDescription"
                        values={
                          Object {
                            "objectType": "dashboard",
                          }
                        }
                      />
                    }
                    position="bottom"
                  />
                </EuiFlexItem>
              </EuiFlexGroup>,
            },
          ]
        }
      />
    </EuiFormRow>
    <EuiFormRow
      describedByIds={Array []}
      display="row"
      fullWidth={false}
      hasChildLabel={true}
      hasEmptyLabelSpace={false}
      label={
        <FormattedMessage
          defaultMessage="URL"
          id="share.urlPanel.urlGroupTitle"
          values={Object {}}
        />
      }
      labelType="label"
    >
      <EuiSpacer
        size="s"
      />
      <EuiFormRow
        data-test-subj="createShortUrl"
        describedByIds={Array []}
        display="row"
        fullWidth={false}
        hasChildLabel={true}
        hasEmptyLabelSpace={false}
        labelType="label"
      >
        <EuiFlexGroup
          gutterSize="none"
          responsive={false}
        >
          <EuiFlexItem
            grow={false}
          >
            <EuiSwitch
              checked={false}
              data-test-subj="useShortUrl"
              label={
                <FormattedMessage
                  defaultMessage="Short URL"
                  id="share.urlPanel.shortUrlLabel"
                  values={Object {}}
                />
              }
              onChange={[Function]}
            />
          </EuiFlexItem>
          <EuiFlexItem
            grow={false}
          >
            <EuiIconTip
              content={
                <FormattedMessage
                  defaultMessage="We recommend sharing shortened snapshot URLs for maximum compatibility. Internet Explorer has URL length restrictions, and some wiki and markup parsers don't do well with the full-length version of the snapshot URL, but the short URL should work great."
                  id="share.urlPanel.shortUrlHelpText"
                  values={Object {}}
                />
              }
              position="bottom"
            />
          </EuiFlexItem>
        </EuiFlexGroup>
      </EuiFormRow>
    </EuiFormRow>
    <EuiSpacer
      size="m"
    />
    <EuiCopy
      afterMessage="Copied"
      anchorClassName="eui-displayBlock"
      textToCopy="http://localhost/"
    >
      <Component />
    </EuiCopy>
  </EuiForm>
</I18nProvider>
`;

exports[`share url panel content should hide short url section when allowShortUrl is false 1`] = `
<I18nProvider>
  <EuiForm
    className="kbnShareContextMenu__finalPanel"
    data-test-subj="shareUrlForm"
  >
    <EuiFormRow
      describedByIds={Array []}
      display="row"
      fullWidth={false}
      hasChildLabel={true}
      hasEmptyLabelSpace={false}
      label={
        <FormattedMessage
          defaultMessage="Generate the link as"
          id="share.urlPanel.generateLinkAsLabel"
          values={Object {}}
        />
      }
      labelType="label"
    >
      <EuiRadioGroup
        idSelected="snapshot"
        onChange={[Function]}
        options={
          Array [
            Object {
              "data-test-subj": "exportAsSnapshot",
              "id": "snapshot",
              "label": <EuiFlexGroup
                gutterSize="none"
                responsive={false}
              >
                <EuiFlexItem
                  grow={false}
                >
                  <FormattedMessage
                    defaultMessage="Snapshot"
                    id="share.urlPanel.snapshotLabel"
                    values={Object {}}
                  />
                </EuiFlexItem>
                <EuiFlexItem
                  grow={false}
                >
                  <EuiIconTip
                    content={
                      <FormattedMessage
                        defaultMessage="Snapshot URLs encode the current state of the {objectType} in the URL itself. Edits to the saved {objectType} won't be visible via this URL."
                        id="share.urlPanel.snapshotDescription"
                        values={
                          Object {
                            "objectType": "dashboard",
                          }
                        }
                      />
                    }
                    position="bottom"
                  />
                </EuiFlexItem>
              </EuiFlexGroup>,
            },
            Object {
              "data-test-subj": "exportAsSavedObject",
              "disabled": false,
              "id": "savedObject",
              "label": <EuiFlexGroup
                gutterSize="none"
                responsive={false}
              >
                <EuiFlexItem
                  grow={false}
                >
                  <FormattedMessage
                    defaultMessage="Saved object"
                    id="share.urlPanel.savedObjectLabel"
                    values={Object {}}
                  />
                </EuiFlexItem>
                <EuiFlexItem
                  grow={false}
                >
                  <EuiIconTip
                    content={
                      <FormattedMessage
                        defaultMessage="You can share this URL with people to let them load the most recent saved version of this {objectType}."
                        id="share.urlPanel.savedObjectDescription"
                        values={
                          Object {
                            "objectType": "dashboard",
                          }
                        }
                      />
                    }
                    position="bottom"
                  />
                </EuiFlexItem>
              </EuiFlexGroup>,
            },
          ]
        }
      />
    </EuiFormRow>
    <EuiFormRow
      describedByIds={Array []}
      display="row"
      fullWidth={false}
      hasChildLabel={true}
      hasEmptyLabelSpace={false}
      label={
        <FormattedMessage
          defaultMessage="URL"
          id="share.urlPanel.urlGroupTitle"
          values={Object {}}
        />
      }
      labelType="label"
    >
      <EuiSpacer
        size="s"
      />
    </EuiFormRow>
    <EuiSpacer
      size="m"
    />
    <EuiCopy
      afterMessage="Copied"
      anchorClassName="eui-displayBlock"
      textToCopy="http://localhost/"
    >
      <Component />
    </EuiCopy>
  </EuiForm>
</I18nProvider>
`;

exports[`should show url param extensions 1`] = `
<I18nProvider>
  <EuiForm
    className="kbnShareContextMenu__finalPanel"
    data-test-subj="shareUrlForm"
  >
    <EuiFormRow
      describedByIds={Array []}
      display="row"
      fullWidth={false}
      hasChildLabel={true}
      hasEmptyLabelSpace={false}
      label={
        <FormattedMessage
          defaultMessage="Generate the link as"
          id="share.urlPanel.generateLinkAsLabel"
          values={Object {}}
        />
      }
      labelType="label"
    >
      <EuiRadioGroup
        idSelected="snapshot"
        onChange={[Function]}
        options={
          Array [
            Object {
              "data-test-subj": "exportAsSnapshot",
              "id": "snapshot",
              "label": <EuiFlexGroup
                gutterSize="none"
                responsive={false}
              >
                <EuiFlexItem
                  grow={false}
                >
                  <FormattedMessage
                    defaultMessage="Snapshot"
                    id="share.urlPanel.snapshotLabel"
                    values={Object {}}
                  />
                </EuiFlexItem>
                <EuiFlexItem
                  grow={false}
                >
                  <EuiIconTip
                    content={
                      <FormattedMessage
                        defaultMessage="Snapshot URLs encode the current state of the {objectType} in the URL itself. Edits to the saved {objectType} won't be visible via this URL."
                        id="share.urlPanel.snapshotDescription"
                        values={
                          Object {
                            "objectType": "dashboard",
                          }
                        }
                      />
                    }
                    position="bottom"
                  />
                </EuiFlexItem>
              </EuiFlexGroup>,
            },
            Object {
              "data-test-subj": "exportAsSavedObject",
              "disabled": false,
              "id": "savedObject",
              "label": <EuiFlexGroup
                gutterSize="none"
                responsive={false}
              >
                <EuiFlexItem
                  grow={false}
                >
                  <FormattedMessage
                    defaultMessage="Saved object"
                    id="share.urlPanel.savedObjectLabel"
                    values={Object {}}
                  />
                </EuiFlexItem>
                <EuiFlexItem
                  grow={false}
                >
                  <EuiIconTip
                    content={
                      <FormattedMessage
                        defaultMessage="You can share this URL with people to let them load the most recent saved version of this {objectType}."
                        id="share.urlPanel.savedObjectDescription"
                        values={
                          Object {
                            "objectType": "dashboard",
                          }
                        }
                      />
                    }
                    position="bottom"
                  />
                </EuiFlexItem>
              </EuiFlexGroup>,
            },
          ]
        }
      />
    </EuiFormRow>
    <EuiFormRow
      describedByIds={Array []}
      display="row"
      fullWidth={false}
      hasChildLabel={true}
      hasEmptyLabelSpace={false}
      key="testExtension"
      labelType="label"
    >
      <TestExtension
        setParamValue={[Function]}
      />
    </EuiFormRow>
    <EuiFormRow
      describedByIds={Array []}
      display="row"
      fullWidth={false}
      hasChildLabel={true}
      hasEmptyLabelSpace={false}
      label={
        <FormattedMessage
          defaultMessage="URL"
          id="share.urlPanel.urlGroupTitle"
          values={Object {}}
        />
      }
      labelType="label"
    >
      <EuiSpacer
        size="s"
      />
      <EuiFormRow
        data-test-subj="createShortUrl"
        describedByIds={Array []}
        display="row"
        fullWidth={false}
        hasChildLabel={true}
        hasEmptyLabelSpace={false}
        labelType="label"
      >
        <EuiFlexGroup
          gutterSize="none"
          responsive={false}
        >
          <EuiFlexItem
            grow={false}
          >
            <EuiSwitch
              checked={false}
              data-test-subj="useShortUrl"
              label={
                <FormattedMessage
                  defaultMessage="Short URL"
                  id="share.urlPanel.shortUrlLabel"
                  values={Object {}}
                />
              }
              onChange={[Function]}
            />
          </EuiFlexItem>
          <EuiFlexItem
            grow={false}
          >
            <EuiIconTip
              content={
                <FormattedMessage
                  defaultMessage="We recommend sharing shortened snapshot URLs for maximum compatibility. Internet Explorer has URL length restrictions, and some wiki and markup parsers don't do well with the full-length version of the snapshot URL, but the short URL should work great."
                  id="share.urlPanel.shortUrlHelpText"
                  values={Object {}}
                />
              }
              position="bottom"
            />
          </EuiFlexItem>
        </EuiFlexGroup>
      </EuiFormRow>
    </EuiFormRow>
    <EuiSpacer
      size="m"
    />
    <EuiCopy
      afterMessage="Copied"
      anchorClassName="eui-displayBlock"
      textToCopy="http://localhost/"
    >
      <Component />
    </EuiCopy>
  </EuiForm>
</I18nProvider>
`;
