// Jest Snapshot v1, https://goo.gl/fbAQLP

exports[`Table Helpers #RowItemOverflow it returns correctly against snapshot 1`] = `
<Fragment>
  <Popover
    count={2}
    idPrefix="idPrefix"
  >
    <EuiText
      size="xs"
    >
      <MoreContainer
        fieldName="attrName"
        fieldType="keyword"
        idPrefix="idPrefix"
        moreMaxHeight="none"
        overflowIndexStart={1}
        values={
          Array [
            "item1",
            "item2",
            "item3",
          ]
        }
      />
      <p
        data-test-subj="popover-additional-overflow"
      >
        <EuiTextColor
          color="subdued"
        >
          1
           
          <FormattedMessage
            defaultMessage="more not shown"
            id="xpack.securitySolution.tables.rowItemHelper.moreDescription"
            values={Object {}}
          />
        </EuiTextColor>
      </p>
    </EuiText>
  </Popover>
</Fragment>
`;

exports[`Table Helpers OverflowField it returns correctly against snapshot 1`] = `
<span>
  This string is exactly fifty-one chars in length!!
  <EuiToolTip
    content="This string is exactly fifty-one chars in length!!!"
    delay="regular"
    display="inlineBlock"
    position="top"
  >
    <MoreRowItems
      type="boxesHorizontal"
    />
  </EuiToolTip>
</span>
`;
