// Jest Snapshot v1, https://goo.gl/fbAQLP

exports[`ValueWithSpaceWarning should not render if showSpaceWarning is falsy 1`] = `<div />`;

exports[`ValueWithSpaceWarning should not render if value is falsy 1`] = `<div />`;

exports[`ValueWithSpaceWarning should render if showSpaceWarning is truthy 1`] = `
.c0 {
  display: inline;
  margin-left: 4px;
}

<div>
  <div
    class="c0"
  >
    <span
      class="euiToolTipAnchor emotion-euiToolTipAnchor-inlineBlock"
    >
      <span
        color="warning"
        data-euiicon-type="iInCircle"
        data-test-subj="value_with_space_warning_tooltip"
      />
    </span>
  </div>
</div>
`;
