// Jest Snapshot v1, https://goo.gl/fbAQLP

exports[`PingListExpandedRow doesn't render list items if the body field is undefined 1`] = `
<EuiFlexGroup
  direction="column"
>
  <EuiFlexItem>
    <EuiCallOut
      color="primary"
    >
      <EuiDescriptionList
        listItems={Array []}
      />
    </EuiCallOut>
  </EuiFlexItem>
</EuiFlexGroup>
`;

exports[`PingListExpandedRow doesn't render list items if the http field is undefined 1`] = `
<EuiFlexGroup
  direction="column"
>
  <EuiFlexItem>
    <EuiCallOut
      color="primary"
    >
      <EuiDescriptionList
        listItems={Array []}
      />
    </EuiCallOut>
  </EuiFlexItem>
</EuiFlexGroup>
`;

exports[`PingListExpandedRow doesn't render list items if the response field is undefined 1`] = `
<EuiFlexGroup
  direction="column"
>
  <EuiFlexItem>
    <EuiCallOut
      color="primary"
    >
      <EuiDescriptionList
        listItems={Array []}
      />
    </EuiCallOut>
  </EuiFlexItem>
</EuiFlexGroup>
`;

exports[`PingListExpandedRow renders error information when an error field is present 1`] = `
<EuiFlexGroup
  direction="column"
>
  <EuiFlexItem>
    <EuiCallOut
      color="danger"
    >
      <EuiDescriptionList
        listItems={
          Array [
            Object {
              "description": <EuiText>
                Forbidden
              </EuiText>,
              "title": "Error",
            },
            Object {
              "description": <React.Fragment>
                <BodyDescription
                  body={
                    Object {
                      "bytes": 1200000,
                      "content": "<http><head><title>The Title</title></head><body></body></http>",
                      "hash": "testhash",
                    }
                  }
                />
                <EuiSpacer
                  size="s"
                />
                <BodyExcerpt
                  content="<http><head><title>The Title</title></head><body></body></http>"
                />
              </React.Fragment>,
              "title": "Response Body",
            },
          ]
        }
      />
    </EuiCallOut>
  </EuiFlexItem>
</EuiFlexGroup>
`;

exports[`PingListExpandedRow renders expected elements for valid props 1`] = `
<EuiFlexGroup
  direction="column"
>
  <EuiFlexItem>
    <EuiCallOut
      color="primary"
    >
      <EuiDescriptionList
        listItems={
          Array [
            Object {
              "description": <React.Fragment>
                <BodyDescription
                  body={
                    Object {
                      "bytes": 1200000,
                      "content": "<http><head><title>The Title</title></head><body></body></http>",
                      "hash": "testhash",
                    }
                  }
                />
                <EuiSpacer
                  size="s"
                />
                <BodyExcerpt
                  content="<http><head><title>The Title</title></head><body></body></http>"
                />
              </React.Fragment>,
              "title": "Response Body",
            },
          ]
        }
      />
    </EuiCallOut>
  </EuiFlexItem>
</EuiFlexGroup>
`;

exports[`PingListExpandedRow renders link to docs if body is not recorded but it is present 1`] = `
<div
  class="euiFlexGroup euiFlexGroup--gutterLarge euiFlexGroup--directionColumn euiFlexGroup--responsive"
>
  <div
    class="euiFlexItem"
  >
    <div
      class="euiPanel euiPanel--primary euiPanel--paddingMedium euiCallOut euiCallOut--primary emotion-euiPanel-none-m-primary-euiCallOut"
    >
      <div
        class="euiText emotion-euiText-s-euiTextColor-default-euiCallOut__description"
      >
        <dl
          class="euiDescriptionList emotion-euiDescriptionList-row-left"
          data-type="row"
        >
          <dt
            class="euiDescriptionList__title emotion-euiDescriptionList__title-row-m-normal"
          >
            Response Body
          </dt>
          <dd
            class="euiDescriptionList__description emotion-euiDescriptionList__description-row-normal"
          >
            <div
              class="euiText emotion-euiText-m"
            >
              Body size is 1MB.
            </div>
            <div
              class="euiSpacer euiSpacer--s emotion-euiSpacer-s"
            />
            <div
              class="euiText emotion-euiText-m"
            >
              Body not recorded. Read our 
              <a
                class="euiLink emotion-euiLink-primary"
                href="https://www.elastic.co/guide/en/beats/heartbeat/current/configuration-heartbeat-options.html#monitor-http-response"
                rel="noopener"
                target="_blank"
              >
                docs
                <span
                  class="emotion-euiLink__externalIcon"
                  data-euiicon-type="popout"
                >
                  External link
                </span>
                <span
                  class="emotion-euiScreenReaderOnly-euiLink__screenReaderText"
                >
                  (opens in a new tab or window)
                </span>
              </a>
               for more information on recording response bodies.
            </div>
          </dd>
        </dl>
      </div>
    </div>
  </div>
</div>
`;

exports[`PingListExpandedRow shallow renders link to docs if body is not recorded but it is present 1`] = `
<EuiFlexGroup
  direction="column"
>
  <EuiFlexItem>
    <EuiCallOut
      color="primary"
    >
      <EuiDescriptionList
        listItems={
          Array [
            Object {
              "description": <React.Fragment>
                <BodyDescription
                  body={
                    Object {
                      "bytes": 1200000,
                      "hash": "testhash",
                    }
                  }
                />
                <EuiSpacer
                  size="s"
                />
                <DocLinkForBody />
              </React.Fragment>,
              "title": "Response Body",
            },
          ]
        }
      />
    </EuiCallOut>
  </EuiFlexItem>
</EuiFlexGroup>
`;
